// Jest Snapshot v1, https://goo.gl/fbAQLP

exports[`ProductPage Should render correctly 1`] = `
<div
  className="ProductPage-root-1"
>
  <div
    className="ProductPage-container-2"
  >
    <div>
      <a
        href="/posts/0"
        onClick={[Function]}
      >
        <button
          className="MuiButtonBase-root-29 MuiButton-root-3 MuiButton-contained-14 MuiButton-containedPrimary-15 MuiButton-raised-17 MuiButton-raisedPrimary-18"
          disabled={false}
          onBlur={[Function]}
          onClick={[Function]}
          onContextMenu={[Function]}
          onFocus={[Function]}
          onKeyDown={[Function]}
          onKeyUp={[Function]}
          onMouseDown={[Function]}
          onMouseLeave={[Function]}
          onMouseUp={[Function]}
          onTouchEnd={[Function]}
          onTouchMove={[Function]}
          onTouchStart={[Function]}
          tabIndex="0"
          type="button"
        >
          <span
            className="MuiButton-label-4"
          >
            Prev
          </span>
          <span
            className="MuiTouchRipple-root-112"
          />
        </button>
      </a>
      <a
        href="/posts/"
        onClick={[Function]}
      >
        <button
          className="MuiButtonBase-root-29 MuiButton-root-3 MuiButton-contained-14 MuiButton-containedPrimary-15 MuiButton-raised-17 MuiButton-raisedPrimary-18"
          disabled={false}
          onBlur={[Function]}
          onContextMenu={[Function]}
          onFocus={[Function]}
          onKeyDown={[Function]}
          onKeyUp={[Function]}
          onMouseDown={[Function]}
          onMouseLeave={[Function]}
          onMouseUp={[Function]}
          onTouchEnd={[Function]}
          onTouchMove={[Function]}
          onTouchStart={[Function]}
          tabIndex="0"
          type="button"
        >
          <span
            className="MuiButton-label-4"
          >
            Back
          </span>
          <span
            className="MuiTouchRipple-root-112"
          />
        </button>
      </a>
    </div>
    <div
      className="MuiPaper-root-36 MuiPaper-elevation1-39 MuiPaper-rounded-37 MuiCard-root-35 ProductPageContent-card-32"
    >
      <div
        className="MuiCardMedia-root-63 ProductPageContent-media-33"
        title={1}
      />
      <div
        className="MuiCardContent-root-65"
      >
        <h2
          className="MuiTypography-root-66 MuiTypography-headline-71 MuiTypography-gutterBottom-93"
        >
          title
        </h2>
        <h2
          className="MuiTypography-root-66 MuiTypography-headline-71 MuiTypography-gutterBottom-93"
        >
          author
        </h2>
        <p
          className="MuiTypography-root-66 MuiTypography-body1-75"
        >
          Year: 
          1920
        </p>
        <p
          className="MuiTypography-root-66 MuiTypography-body1-75"
        >
          Price: 
          UAH 100
        </p>
      </div>
      <div
        className="MuiCardActions-root-101"
      >
        <button
          className="MuiButtonBase-root-29 MuiButton-root-3 MuiButton-text-5 MuiButton-textPrimary-6 MuiButton-flat-8 MuiButton-flatPrimary-9 MuiButton-sizeSmall-26 ProductPageContent-button-34 MuiCardActions-action-103"
          disabled={false}
          id="add-cart"
          onBlur={[Function]}
          onClick={[Function]}
          onContextMenu={[Function]}
          onFocus={[Function]}
          onKeyDown={[Function]}
          onKeyUp={[Function]}
          onMouseDown={[Function]}
          onMouseLeave={[Function]}
          onMouseUp={[Function]}
          onTouchEnd={[Function]}
          onTouchMove={[Function]}
          onTouchStart={[Function]}
          tabIndex="0"
          type="button"
        >
          <span
            className="MuiButton-label-4"
          >
            Buy
          </span>
          <span
            className="MuiTouchRipple-root-112"
          />
        </button>
      </div>
    </div>
    <a
      href="/posts/2"
      onClick={[Function]}
    >
      <button
        className="MuiButtonBase-root-29 MuiButton-root-3 MuiButton-contained-14 MuiButton-containedPrimary-15 MuiButton-raised-17 MuiButton-raisedPrimary-18"
        disabled={false}
        onBlur={[Function]}
        onClick={[Function]}
        onContextMenu={[Function]}
        onFocus={[Function]}
        onKeyDown={[Function]}
        onKeyUp={[Function]}
        onMouseDown={[Function]}
        onMouseLeave={[Function]}
        onMouseUp={[Function]}
        onTouchEnd={[Function]}
        onTouchMove={[Function]}
        onTouchStart={[Function]}
        tabIndex="0"
        type="button"
      >
        <span
          className="MuiButton-label-4"
        >
          Next
        </span>
        <span
          className="MuiTouchRipple-root-112"
        />
      </button>
    </a>
  </div>
</div>
`;
